// Jest Snapshot v1, https://goo.gl/fbAQLP

exports[`disabled sourcemaps 1`] = `"{\\"version\\":3,\\"sources\\":[\\"webpack:///./test/fixtures/basic.js\\"],\\"names\\":[],\\"mappings\\":\\";;;;;AAAa,8BAA8B,mGAAmG,mFAAmF,wCAAwC,KAAK,OAAO,iBAAiB,MAAM,mBAAmB,MAAM,OAAO,iBAAiB,MAAM,mBAAmB,MAAM,OAAO,kBAAkB,MAAM,mBAAmB,MAAM,OAAO,kBAAkB,MAAM,mBAAmB,MAAM,OAAO,kBAAkB,MAAM,mBAAmB,MAAM,OAAO,kBAAkB,MAAM,mBAAmB,MAAM,OAAO,kBAAkB,MAAM,mBAAmB,MAAM,OAAO,kBAAkB,MAAM,mBAAmB,MAAM,OAAO,kBAAkB,MAAM,mBAAmB,MAAM,OAAO,kBAAkB,MAAM,mBAAmB,OAAO,OAAO,kBAAkB,MAAM,mBAAmB,OAAO,OAAO,kBAAkB,MAAM,mBAAmB,OAAO,OAAO,kBAAkB,MAAM,mBAAmB,OAAO,OAAO,kBAAkB,MAAM,mBAAmB,OAAO,OAAO,iBAAiB,MAAM,mBAAmB,OAAO,OAAO,iBAAiB,MAAM,mBAAmB,OAAO,OAAO,gBAAgB,MAAM,kBAAkB,OAAO,OAAO,gBAAgB,MAAM,kBAAkB,OAAO,OAAO,iBAAiB,MAAM,kBAAkB,OAAO,OAAO,iBAAiB,MAAM,mBAAmB,OAAO,OAAO,iBAAiB,MAAM,oBAAoB,QAAQ,KAAK,2BAA2B,OAAO,iBAAiB,MAAM,kBAAkB,MAAM,OAAO,iBAAiB,MAAM,mBAAmB,QAAQ,MAAM,8BAA8B,OAAO,iBAAiB,MAAM,kBAAkB,MAAM,OAAO,iBAAiB,MAAM,mBAAmB,QAAQ,MAAM,2BAA2B,OAAO,kBAAkB,MAAM,mBAAmB,MAAM,OAAO,kBAAkB,MAAM,mBAAmB,QAAQ,MAAM,6BAA6B,OAAO,gBAAgB,MAAM,kBAAkB,MAAM,OAAO,iBAAiB,MAAM,mBAAmB,QAAQ,MAAM,2BAA2B,OAAO,iBAAiB,MAAM,kBAAkB,MAAM,OAAO,iBAAiB,MAAM,kBAAkB,QAAQ,MAAM,iBAAiB,OAAO,iBAAiB,MAAM,kBAAkB,MAAM,OAAO,iBAAiB,MAAM,kBAAkB,QAAQ,MAAM,iBAAiB,OAAO,kBAAkB,MAAM,mBAAmB,MAAM,OAAO,kBAAkB,MAAM,kBAAkB,UAAU,YAAY,KAAK,KAAK,OAAO,kBAAkB,MAAM,mBAAmB,gCAAgC,OAAO,kBAAkB,MAAM,mBAAmB,EAAE,OAAO,kBAAkB,MAAM,mBAAmB,SAAS,MAAM,KAAK,OAAO,kBAAkB,MAAM,mBAAmB,uBAAuB,OAAO,kBAAkB,MAAM,mBAAmB,EAAE,OAAO,kBAAkB,MAAM,mBAAmB,SAAS,MAAM,KAAK,OAAO,kBAAkB,MAAM,mBAAmB,uBAAuB,OAAO,kBAAkB,MAAM,mBAAmB,EAAE,OAAO,kBAAkB,MAAM,mBAAmB,SAAS,MAAM,KAAK,OAAO,kBAAkB,MAAM,mBAAmB,uBAAuB,OAAO,kBAAkB,MAAM,mBAAmB,EAAE,OAAO,kBAAkB,MAAM,mBAAmB,SAAS,MAAM,KAAK,OAAO,iBAAiB,MAAM,mBAAmB,uBAAuB,OAAO,iBAAiB,MAAM,mBAAmB,EAAE,OAAO,iBAAiB,MAAM,mBAAmB,UAAU,IAAI,yIAAyI,IAAI,0CAA0C,IAAI,kDAAkD,iBAAiB,wFAAwF,iBAAiB,KAAK,KAAK,MAAM,KAAK,KAAK,WAAW,yBAAyB,KAAK,MAAM,KAAK,iFAAiF,WAAW,oBAAoB,KAAK,IAAI,KAAK,4DAA4D,sCAAsC,EAAE,+CAA+C,uBAAuB,uBAAuB,oCAAoC,GAAG,mDAAmD,sBAAsB,wCAAwC,sBAAsB,sBAAsB,YAAY,eAAe,KAAK,gDAAgD,sBAAsB,yGAAyG,sBAAsB,6BAA6B,sBAAsB,yBAAyB,yBAAyB,sBAAsB,0BAA0B,KAAK,0BAA0B,sBAAsB,0DAA0D,sBAAsB,oDAAoD,sBAAsB,sBAAsB,eAAe,yBAAyB,uBAAuB,oDAAoD,KAAK,0BAA0B,uBAAuB,gBAAgB,yBAAyB,uBAAuB,2CAA2C,KAAK,0BAA0B,uBAAuB,sBAAsB,IAAI,+CAA+C,sBAAsB,uBAAuB,uCAAuC,yBAAyB,uBAAuB,0DAA0D,KAAK,2BAA2B,uBAAuB,0BAA0B,sBAAsB,eAAe,sBAAsB,uBAAuB,2BAA2B,uBAAuB,mBAAmB,+BAA+B,sBAAsB,uBAAuB,eAAe,GAAG,uBAAuB,YAAY,G\\",\\"file\\":\\"main.js\\",\\"sourcesContent\\":[\\"\\\\\\"use strict\\\\\\";var cov_1v2zerd2hz=function(){var path=\\\\\\"/fixtures/basic.js\\\\\\",hash=\\\\\\"01b2e38e7077c53260714418ee805a38441cbdfa\\\\\\",Function=function(){}.constructor,global=new Function('return this')(),gcv=\\\\\\"__coverage__\\\\\\",coverageData={path:\\\\\\"/fixtures/basic.js\\\\\\",statementMap:{\\\\\\"0\\\\\\":{start:{line:3,column:19},end:{line:3,column:563}},\\\\\\"1\\\\\\":{start:{line:3,column:76},end:{line:3,column:347}},\\\\\\"2\\\\\\":{start:{line:3,column:134},end:{line:3,column:142}},\\\\\\"3\\\\\\":{start:{line:3,column:144},end:{line:3,column:199}},\\\\\\"4\\\\\\":{start:{line:3,column:200},end:{line:3,column:231}},\\\\\\"5\\\\\\":{start:{line:3,column:232},end:{line:3,column:286}},\\\\\\"6\\\\\\":{start:{line:3,column:259},end:{line:3,column:286}},\\\\\\"7\\\\\\":{start:{line:3,column:287},end:{line:3,column:345}},\\\\\\"8\\\\\\":{start:{line:3,column:350},end:{line:3,column:559}},\\\\\\"9\\\\\\":{start:{line:3,column:407},end:{line:3,column:475}},\\\\\\"10\\\\\\":{start:{line:3,column:423},end:{line:3,column:475}},\\\\\\"11\\\\\\":{start:{line:3,column:476},end:{line:3,column:536}},\\\\\\"12\\\\\\":{start:{line:3,column:493},end:{line:3,column:536}},\\\\\\"13\\\\\\":{start:{line:3,column:537},end:{line:3,column:556}},\\\\\\"14\\\\\\":{start:{line:5,column:50},end:{line:5,column:151}},\\\\\\"15\\\\\\":{start:{line:5,column:92},end:{line:5,column:149}},\\\\\\"16\\\\\\":{start:{line:7,column:0},end:{line:20,column:4}},\\\\\\"17\\\\\\":{start:{line:9,column:4},end:{line:9,column:31}},\\\\\\"18\\\\\\":{start:{line:12,column:2},end:{line:17,column:6}},\\\\\\"19\\\\\\":{start:{line:15,column:6},end:{line:15,column:20}},\\\\\\"20\\\\\\":{start:{line:19,column:2},end:{line:19,column:13}}},fnMap:{\\\\\\"0\\\\\\":{name:\\\\\\"(anonymous_0)\\\\\\",decl:{start:{line:3,column:19},end:{line:3,column:20}},loc:{start:{line:3,column:31},end:{line:3,column:561}},line:3},\\\\\\"1\\\\\\":{name:\\\\\\"defineProperties\\\\\\",decl:{start:{line:3,column:42},end:{line:3,column:58}},loc:{start:{line:3,column:74},end:{line:3,column:349}},line:3},\\\\\\"2\\\\\\":{name:\\\\\\"(anonymous_2)\\\\\\",decl:{start:{line:3,column:357},end:{line:3,column:358}},loc:{start:{line:3,column:405},end:{line:3,column:558}},line:3},\\\\\\"3\\\\\\":{name:\\\\\\"_classCallCheck\\\\\\",decl:{start:{line:5,column:9},end:{line:5,column:24}},loc:{start:{line:5,column:48},end:{line:5,column:153}},line:5},\\\\\\"4\\\\\\":{name:\\\\\\"(anonymous_4)\\\\\\",decl:{start:{line:7,column:17},end:{line:7,column:18}},loc:{start:{line:7,column:29},end:{line:20,column:1}},line:7},\\\\\\"5\\\\\\":{name:\\\\\\"Foo\\\\\\",decl:{start:{line:8,column:11},end:{line:8,column:14}},loc:{start:{line:8,column:17},end:{line:10,column:3}},line:8},\\\\\\"6\\\\\\":{name:\\\\\\"bar\\\\\\",decl:{start:{line:14,column:20},end:{line:14,column:23}},loc:{start:{line:14,column:26},end:{line:16,column:5}},line:14}},branchMap:{\\\\\\"0\\\\\\":{loc:{start:{line:3,column:168},end:{line:3,column:198}},type:\\\\\\"binary-expr\\\\\\",locations:[{start:{line:3,column:168},end:{line:3,column:189}},{start:{line:3,column:193},end:{line:3,column:198}}],line:3},\\\\\\"1\\\\\\":{loc:{start:{line:3,column:232},end:{line:3,column:286}},type:\\\\\\"if\\\\\\",locations:[{start:{line:3,column:232},end:{line:3,column:286}},{start:{line:3,column:232},end:{line:3,column:286}}],line:3},\\\\\\"2\\\\\\":{loc:{start:{line:3,column:407},end:{line:3,column:475}},type:\\\\\\"if\\\\\\",locations:[{start:{line:3,column:407},end:{line:3,column:475}},{start:{line:3,column:407},end:{line:3,column:475}}],line:3},\\\\\\"3\\\\\\":{loc:{start:{line:3,column:476},end:{line:3,column:536}},type:\\\\\\"if\\\\\\",locations:[{start:{line:3,column:476},end:{line:3,column:536}},{start:{line:3,column:476},end:{line:3,column:536}}],line:3},\\\\\\"4\\\\\\":{loc:{start:{line:5,column:50},end:{line:5,column:151}},type:\\\\\\"if\\\\\\",locations:[{start:{line:5,column:50},end:{line:5,column:151}},{start:{line:5,column:50},end:{line:5,column:151}}],line:5}},s:{\\\\\\"0\\\\\\":0,\\\\\\"1\\\\\\":0,\\\\\\"2\\\\\\":0,\\\\\\"3\\\\\\":0,\\\\\\"4\\\\\\":0,\\\\\\"5\\\\\\":0,\\\\\\"6\\\\\\":0,\\\\\\"7\\\\\\":0,\\\\\\"8\\\\\\":0,\\\\\\"9\\\\\\":0,\\\\\\"10\\\\\\":0,\\\\\\"11\\\\\\":0,\\\\\\"12\\\\\\":0,\\\\\\"13\\\\\\":0,\\\\\\"14\\\\\\":0,\\\\\\"15\\\\\\":0,\\\\\\"16\\\\\\":0,\\\\\\"17\\\\\\":0,\\\\\\"18\\\\\\":0,\\\\\\"19\\\\\\":0,\\\\\\"20\\\\\\":0},f:{\\\\\\"0\\\\\\":0,\\\\\\"1\\\\\\":0,\\\\\\"2\\\\\\":0,\\\\\\"3\\\\\\":0,\\\\\\"4\\\\\\":0,\\\\\\"5\\\\\\":0,\\\\\\"6\\\\\\":0},b:{\\\\\\"0\\\\\\":[0,0],\\\\\\"1\\\\\\":[0,0],\\\\\\"2\\\\\\":[0,0],\\\\\\"3\\\\\\":[0,0],\\\\\\"4\\\\\\":[0,0]},inputSourceMap:{version:3,sources:[\\\\\\"test/fixtures/basic.js\\\\\\"],names:[\\\\\\"module\\\\\\",\\\\\\"exports\\\\\\"],mappings:\\\\\\";;;;;;AAAAA,OAAOC,OAAP;AAAA;AAAA;AAAA;;AAAA;AAAA;AAAA,0BACQ;AACJ,aAAO,CAAC,CAAC,IAAT;AACD;AAHH;;AAAA;AAAA\\\\\\",file:\\\\\\"basic.js\\\\\\",sourceRoot:\\\\\\"\\\\\\",sourcesContent:[\\\\\\"module.exports = class Foo {\\\\\\\\n  bar() {\\\\\\\\n    return !!this;\\\\\\\\n  }\\\\\\\\n};\\\\\\\\n\\\\\\"]},_coverageSchema:\\\\\\"43e27e138ebf9cfc5966b082cf9a028302ed4184\\\\\\"},coverage=global[gcv]||(global[gcv]={});if(coverage[path]&&coverage[path].hash===hash){return coverage[path];}coverageData.hash=hash;return coverage[path]=coverageData;}();var _createClass=(cov_1v2zerd2hz.s[0]++,function(){cov_1v2zerd2hz.f[0]++;function defineProperties(target,props){cov_1v2zerd2hz.f[1]++;cov_1v2zerd2hz.s[1]++;for(var i=0;i<props.length;i++){var descriptor=(cov_1v2zerd2hz.s[2]++,props[i]);cov_1v2zerd2hz.s[3]++;descriptor.enumerable=(cov_1v2zerd2hz.b[0][0]++,descriptor.enumerable)||(cov_1v2zerd2hz.b[0][1]++,false);cov_1v2zerd2hz.s[4]++;descriptor.configurable=true;cov_1v2zerd2hz.s[5]++;if(\\\\\\"value\\\\\\"in descriptor){cov_1v2zerd2hz.b[1][0]++;cov_1v2zerd2hz.s[6]++;descriptor.writable=true;}else{cov_1v2zerd2hz.b[1][1]++;}cov_1v2zerd2hz.s[7]++;Object.defineProperty(target,descriptor.key,descriptor);}}cov_1v2zerd2hz.s[8]++;return function(Constructor,protoProps,staticProps){cov_1v2zerd2hz.f[2]++;cov_1v2zerd2hz.s[9]++;if(protoProps){cov_1v2zerd2hz.b[2][0]++;cov_1v2zerd2hz.s[10]++;defineProperties(Constructor.prototype,protoProps);}else{cov_1v2zerd2hz.b[2][1]++;}cov_1v2zerd2hz.s[11]++;if(staticProps){cov_1v2zerd2hz.b[3][0]++;cov_1v2zerd2hz.s[12]++;defineProperties(Constructor,staticProps);}else{cov_1v2zerd2hz.b[3][1]++;}cov_1v2zerd2hz.s[13]++;return Constructor;};}());function _classCallCheck(instance,Constructor){cov_1v2zerd2hz.f[3]++;cov_1v2zerd2hz.s[14]++;if(!(instance instanceof Constructor)){cov_1v2zerd2hz.b[4][0]++;cov_1v2zerd2hz.s[15]++;throw new TypeError(\\\\\\"Cannot call a class as a function\\\\\\");}else{cov_1v2zerd2hz.b[4][1]++;}}cov_1v2zerd2hz.s[16]++;module.exports=function(){cov_1v2zerd2hz.f[4]++;function Foo(){cov_1v2zerd2hz.f[5]++;cov_1v2zerd2hz.s[17]++;_classCallCheck(this,Foo);}cov_1v2zerd2hz.s[18]++;_createClass(Foo,[{key:\\\\\\"bar\\\\\\",value:function bar(){cov_1v2zerd2hz.f[6]++;cov_1v2zerd2hz.s[19]++;return!!this;}}]);cov_1v2zerd2hz.s[20]++;return Foo;}();\\\\n\\\\n\\\\n//////////////////\\\\n// WEBPACK FOOTER\\\\n// ./test/fixtures/basic.js\\\\n// module id = 0\\\\n// module chunks = 0\\"],\\"sourceRoot\\":\\"\\"}"`;

exports[`errors 1`] = `Array []`;

exports[`errors 2`] = `Array []`;

exports[`instrument code 1`] = `
"webpackJsonp([0],[
/* 0 */
/***/ (function(module, exports, __webpack_require__) {

\\"use strict\\";
var cov_1v2zerd2hz=function(){var path=\\"/fixtures/basic.js\\",hash=\\"cd61d895951cfb44109aed8dc0bc73663258e8c0\\",Function=function(){}.constructor,global=new Function('return this')(),gcv=\\"__coverage__\\",coverageData={path:\\"/fixtures/basic.js\\",statementMap:{\\"0\\":{start:{line:3,column:19},end:{line:3,column:563}},\\"1\\":{start:{line:3,column:76},end:{line:3,column:347}},\\"2\\":{start:{line:3,column:134},end:{line:3,column:142}},\\"3\\":{start:{line:3,column:144},end:{line:3,column:199}},\\"4\\":{start:{line:3,column:200},end:{line:3,column:231}},\\"5\\":{start:{line:3,column:232},end:{line:3,column:286}},\\"6\\":{start:{line:3,column:259},end:{line:3,column:286}},\\"7\\":{start:{line:3,column:287},end:{line:3,column:345}},\\"8\\":{start:{line:3,column:350},end:{line:3,column:559}},\\"9\\":{start:{line:3,column:407},end:{line:3,column:475}},\\"10\\":{start:{line:3,column:423},end:{line:3,column:475}},\\"11\\":{start:{line:3,column:476},end:{line:3,column:536}},\\"12\\":{start:{line:3,column:493},end:{line:3,column:536}},\\"13\\":{start:{line:3,column:537},end:{line:3,column:556}},\\"14\\":{start:{line:5,column:50},end:{line:5,column:151}},\\"15\\":{start:{line:5,column:92},end:{line:5,column:149}},\\"16\\":{start:{line:7,column:0},end:{line:20,column:4}},\\"17\\":{start:{line:9,column:4},end:{line:9,column:31}},\\"18\\":{start:{line:12,column:2},end:{line:17,column:6}},\\"19\\":{start:{line:15,column:6},end:{line:15,column:20}},\\"20\\":{start:{line:19,column:2},end:{line:19,column:13}}},fnMap:{\\"0\\":{name:\\"(anonymous_0)\\",decl:{start:{line:3,column:19},end:{line:3,column:20}},loc:{start:{line:3,column:31},end:{line:3,column:561}},line:3},\\"1\\":{name:\\"defineProperties\\",decl:{start:{line:3,column:42},end:{line:3,column:58}},loc:{start:{line:3,column:74},end:{line:3,column:349}},line:3},\\"2\\":{name:\\"(anonymous_2)\\",decl:{start:{line:3,column:357},end:{line:3,column:358}},loc:{start:{line:3,column:405},end:{line:3,column:558}},line:3},\\"3\\":{name:\\"_classCallCheck\\",decl:{start:{line:5,column:9},end:{line:5,column:24}},loc:{start:{line:5,column:48},end:{line:5,column:153}},line:5},\\"4\\":{name:\\"(anonymous_4)\\",decl:{start:{line:7,column:17},end:{line:7,column:18}},loc:{start:{line:7,column:29},end:{line:20,column:1}},line:7},\\"5\\":{name:\\"Foo\\",decl:{start:{line:8,column:11},end:{line:8,column:14}},loc:{start:{line:8,column:17},end:{line:10,column:3}},line:8},\\"6\\":{name:\\"bar\\",decl:{start:{line:14,column:20},end:{line:14,column:23}},loc:{start:{line:14,column:26},end:{line:16,column:5}},line:14}},branchMap:{\\"0\\":{loc:{start:{line:3,column:168},end:{line:3,column:198}},type:\\"binary-expr\\",locations:[{start:{line:3,column:168},end:{line:3,column:189}},{start:{line:3,column:193},end:{line:3,column:198}}],line:3},\\"1\\":{loc:{start:{line:3,column:232},end:{line:3,column:286}},type:\\"if\\",locations:[{start:{line:3,column:232},end:{line:3,column:286}},{start:{line:3,column:232},end:{line:3,column:286}}],line:3},\\"2\\":{loc:{start:{line:3,column:407},end:{line:3,column:475}},type:\\"if\\",locations:[{start:{line:3,column:407},end:{line:3,column:475}},{start:{line:3,column:407},end:{line:3,column:475}}],line:3},\\"3\\":{loc:{start:{line:3,column:476},end:{line:3,column:536}},type:\\"if\\",locations:[{start:{line:3,column:476},end:{line:3,column:536}},{start:{line:3,column:476},end:{line:3,column:536}}],line:3},\\"4\\":{loc:{start:{line:5,column:50},end:{line:5,column:151}},type:\\"if\\",locations:[{start:{line:5,column:50},end:{line:5,column:151}},{start:{line:5,column:50},end:{line:5,column:151}}],line:5}},s:{\\"0\\":0,\\"1\\":0,\\"2\\":0,\\"3\\":0,\\"4\\":0,\\"5\\":0,\\"6\\":0,\\"7\\":0,\\"8\\":0,\\"9\\":0,\\"10\\":0,\\"11\\":0,\\"12\\":0,\\"13\\":0,\\"14\\":0,\\"15\\":0,\\"16\\":0,\\"17\\":0,\\"18\\":0,\\"19\\":0,\\"20\\":0},f:{\\"0\\":0,\\"1\\":0,\\"2\\":0,\\"3\\":0,\\"4\\":0,\\"5\\":0,\\"6\\":0},b:{\\"0\\":[0,0],\\"1\\":[0,0],\\"2\\":[0,0],\\"3\\":[0,0],\\"4\\":[0,0]},inputSourceMap:null,_coverageSchema:\\"43e27e138ebf9cfc5966b082cf9a028302ed4184\\"},coverage=global[gcv]||(global[gcv]={});if(coverage[path]&&coverage[path].hash===hash){return coverage[path];}coverageData.hash=hash;return coverage[path]=coverageData;}();var _createClass=(cov_1v2zerd2hz.s[0]++,function(){cov_1v2zerd2hz.f[0]++;function defineProperties(target,props){cov_1v2zerd2hz.f[1]++;cov_1v2zerd2hz.s[1]++;for(var i=0;i<props.length;i++){var descriptor=(cov_1v2zerd2hz.s[2]++,props[i]);cov_1v2zerd2hz.s[3]++;descriptor.enumerable=(cov_1v2zerd2hz.b[0][0]++,descriptor.enumerable)||(cov_1v2zerd2hz.b[0][1]++,false);cov_1v2zerd2hz.s[4]++;descriptor.configurable=true;cov_1v2zerd2hz.s[5]++;if(\\"value\\"in descriptor){cov_1v2zerd2hz.b[1][0]++;cov_1v2zerd2hz.s[6]++;descriptor.writable=true;}else{cov_1v2zerd2hz.b[1][1]++;}cov_1v2zerd2hz.s[7]++;Object.defineProperty(target,descriptor.key,descriptor);}}cov_1v2zerd2hz.s[8]++;return function(Constructor,protoProps,staticProps){cov_1v2zerd2hz.f[2]++;cov_1v2zerd2hz.s[9]++;if(protoProps){cov_1v2zerd2hz.b[2][0]++;cov_1v2zerd2hz.s[10]++;defineProperties(Constructor.prototype,protoProps);}else{cov_1v2zerd2hz.b[2][1]++;}cov_1v2zerd2hz.s[11]++;if(staticProps){cov_1v2zerd2hz.b[3][0]++;cov_1v2zerd2hz.s[12]++;defineProperties(Constructor,staticProps);}else{cov_1v2zerd2hz.b[3][1]++;}cov_1v2zerd2hz.s[13]++;return Constructor;};}());function _classCallCheck(instance,Constructor){cov_1v2zerd2hz.f[3]++;cov_1v2zerd2hz.s[14]++;if(!(instance instanceof Constructor)){cov_1v2zerd2hz.b[4][0]++;cov_1v2zerd2hz.s[15]++;throw new TypeError(\\"Cannot call a class as a function\\");}else{cov_1v2zerd2hz.b[4][1]++;}}cov_1v2zerd2hz.s[16]++;module.exports=function(){cov_1v2zerd2hz.f[4]++;function Foo(){cov_1v2zerd2hz.f[5]++;cov_1v2zerd2hz.s[17]++;_classCallCheck(this,Foo);}cov_1v2zerd2hz.s[18]++;_createClass(Foo,[{key:\\"bar\\",value:function bar(){cov_1v2zerd2hz.f[6]++;cov_1v2zerd2hz.s[19]++;return!!this;}}]);cov_1v2zerd2hz.s[20]++;return Foo;}();

/***/ })
],[0]);"
`;

exports[`sourcemap files on by default 1`] = `"{\\"version\\":3,\\"sources\\":[\\"webpack:////fixtures/basic.js\\"],\\"names\\":[\\"_createClass\\",\\"defineProperties\\",\\"target\\",\\"props\\",\\"i\\",\\"length\\",\\"descriptor\\",\\"enumerable\\",\\"configurable\\",\\"writable\\",\\"Object\\",\\"defineProperty\\",\\"key\\",\\"Constructor\\",\\"protoProps\\",\\"staticProps\\",\\"prototype\\",\\"_classCallCheck\\",\\"instance\\",\\"TypeError\\",\\"module\\",\\"exports\\",\\"Foo\\",\\"value\\",\\"bar\\"],\\"mappings\\":\\";;;;;6nIAEA,GAAIA,aAAY,wBAAG,UAAY,uBAAE,QAASC,iBAAT,CAA0BC,MAA1B,CAAkCC,KAAlC,CAAyC,6CAAE,IAAK,GAAIC,EAAC,CAAG,CAAb,CAAgBA,CAAC,CAAGD,KAAK,CAACE,MAA1B,CAAkCD,CAAC,EAAnC,CAAuC,CAAE,GAAIE,WAAU,wBAAGH,KAAK,CAACC,CAAD,CAAR,CAAd,CAAF,sBAA6BE,UAAU,CAACC,UAAX,CAAwB,0BAAAD,UAAU,CAACC,UAAX,6BAAyB,KAAzB,CAAxB,CAA7B,sBAAqFD,UAAU,CAACE,YAAX,CAA0B,IAA1B,CAArF,sBAAqH,GAAI,SAAWF,WAAf,CAA2B,gDAAAA,UAAU,CAACG,QAAX,CAAsB,IAAtB,CAA2B,CAAtD,+BAArH,sBAA4KC,MAAM,CAACC,cAAP,CAAsBT,MAAtB,CAA8BI,UAAU,CAACM,GAAzC,CAA8CN,UAA9C,EAA4D,CAAE,CAA9T,sBAA+T,MAAO,UAAUO,WAAV,CAAuBC,UAAvB,CAAmCC,WAAnC,CAAgD,6CAAE,GAAID,UAAJ,CAAgB,iDAAAb,gBAAgB,CAACY,WAAW,CAACG,SAAb,CAAwBF,UAAxB,CAAhB,CAAoD,CAApE,+BAAF,uBAAuE,GAAIC,WAAJ,CAAiB,iDAAAd,gBAAgB,CAACY,WAAD,CAAcE,WAAd,CAAhB,CAA2C,CAA5D,+BAAvE,uBAAoI,MAAOF,YAAP,CAAqB,CAAhN,CAAmN,CAA9hB,EAAH,CAAhB,CAEA,QAASI,gBAAT,CAAyBC,QAAzB,CAAmCL,WAAnC,CAAgD,8CAAE,GAAI,EAAEK,QAAQ,WAAYL,YAAtB,CAAJ,CAAwC,iDAAE,KAAM,IAAIM,UAAJ,CAAc,mCAAd,CAAN,CAA2D,CAArG,+BAAuG,C,uBAEzJC,MAAM,CAACC,OAAP,CAAiB,UAAY,uBAC3B,QAASC,IAAT,EAAe,8CACbL,eAAe,CAAC,IAAD,CAAOK,GAAP,CAAf,CACD,CAH0B,uBAK3BtB,YAAY,CAACsB,GAAD,CAAM,CAAC,CACjBV,GAAG,CAAE,KADY,CAEjBW,KAAK,CAAE,QAASC,IAAT,EAAe,8CACpB,MAAO,CAAC,CAAC,IAAT,CACD,CAJgB,CAAD,CAAN,CAAZ,CAL2B,uBAY3B,MAAOF,IAAP,CACD,CAbgB,EAAjB,C\\",\\"file\\":\\"main.js\\",\\"sourcesContent\\":[\\"\\\\\\"use strict\\\\\\";\\\\n\\\\nvar _createClass = function () { function defineProperties(target, props) { for (var i = 0; i < props.length; i++) { var descriptor = props[i]; descriptor.enumerable = descriptor.enumerable || false; descriptor.configurable = true; if (\\\\\\"value\\\\\\" in descriptor) descriptor.writable = true; Object.defineProperty(target, descriptor.key, descriptor); } } return function (Constructor, protoProps, staticProps) { if (protoProps) defineProperties(Constructor.prototype, protoProps); if (staticProps) defineProperties(Constructor, staticProps); return Constructor; }; }();\\\\n\\\\nfunction _classCallCheck(instance, Constructor) { if (!(instance instanceof Constructor)) { throw new TypeError(\\\\\\"Cannot call a class as a function\\\\\\"); } }\\\\n\\\\nmodule.exports = function () {\\\\n  function Foo() {\\\\n    _classCallCheck(this, Foo);\\\\n  }\\\\n\\\\n  _createClass(Foo, [{\\\\n    key: \\\\\\"bar\\\\\\",\\\\n    value: function bar() {\\\\n      return !!this;\\\\n    }\\\\n  }]);\\\\n\\\\n  return Foo;\\\\n}();\\\\n\\\\n\\\\n// WEBPACK FOOTER //\\\\n// /fixtures/basic.js\\"],\\"sourceRoot\\":\\"\\"}"`;

exports[`warnings 1`] = `Array []`;

exports[`warnings 2`] = `Array []`;
